// Jest Snapshot v1, https://goo.gl/fbAQLP

exports[`<Footer /> should show correctly 1`] = `
.emotion-0 {
  display: -webkit-box;
  display: -webkit-flex;
  display: -ms-flexbox;
  display: flex;
  -webkit-flex-direction: column;
  -ms-flex-direction: column;
  flex-direction: column;
  margin: 4rem auto 1.2rem;
  width: 110rem;
}

.emotion-1 {
  color: #9E9E9E;
  font: normal 1.2rem/1.4 sans-serif;
  font-family: inherit;
}

<div>
  <footer
    class="emotion-0"
  >
    <span
      class=" emotion-1"
    >
      © 2021 secret-papa
    </span>
    <span
      class=" emotion-1"
    >
      행복한 하루 보내세요.🍀
    </span>
  </footer>
</div>
`;
