// Jest Snapshot v1, https://goo.gl/fbAQLP

exports[`<PostDetail /> should show correctly 1`] = `
.emotion-0 {
  margin-bottom: 3.2rem;
}

.emotion-1 {
  color: #212121;
  font: bold 3.2rem/1 sans-serif;
  font-family: inherit;
  margin-bottom: 0.8rem;
}

.emotion-2 {
  color: #BDBDBD;
  font: normal 1.4rem/1.4 sans-serif;
  font-family: inherit;
}

.emotion-3 ul {
  list-style: disc;
}

.emotion-3 ol {
  list-style: decimal;
}

.emotion-3 p {
  font-size: 1.8rem;
  line-height: 1.76;
}

.emotion-3 blockquote {
  border-left: 0.25em solid #6bb0fa;
}

<div>
  <div>
    <div
      class="emotion-0"
    >
      <h1
        class="emotion-1"
      >
        title
      </h1>
      <span
        class=" emotion-2"
      >
        0000-00-00
      </span>
    </div>
    <div
      class="markdown-body emotion-3"
    >
      <p>
        content
      </p>
    </div>
  </div>
</div>
`;
