// Jest Snapshot v1, https://goo.gl/fbAQLP

exports[`<Main /> should show correctly 1`] = `
.emotion-0 {
  display: grid;
  grid-template-columns: repeat(4, 1fr);
  justify-items: center;
  row-gap: 1.6rem;
}

.emotion-1 {
  display: -webkit-box;
  display: -webkit-flex;
  display: -ms-flexbox;
  display: flex;
}

.emotion-2 {
  width: 26rem;
  height: 30rem;
  border-radius: 4px;
  overflow: hidden;
  background: #fff;
  box-shadow: 0px 4px 5px 0px rgba(0, 0, 0, 0.05);
}

.emotion-3 {
  -webkit-text-decoration: none;
  text-decoration: none;
  color: inherit;
  display: -webkit-box;
  display: -webkit-flex;
  display: -ms-flexbox;
  display: flex;
  -webkit-flex-direction: column;
  -ms-flex-direction: column;
  flex-direction: column;
  width: 100%;
  height: 100%;
}

.emotion-5 {
  width: 100%;
  height: 14rem;
  background: #e6e6e6;
}

.emotion-6 {
  display: block;
  width: 100%;
}

.emotion-7 {
  padding: 2rem 1.6rem;
  -webkit-flex: 1;
  -ms-flex: 1;
  flex: 1;
  display: -webkit-box;
  display: -webkit-flex;
  display: -ms-flexbox;
  display: flex;
  -webkit-flex-direction: column;
  -ms-flex-direction: column;
  flex-direction: column;
}

.emotion-8 {
  color: #212121;
  font: bold 1.6rem/1 sans-serif;
  font-family: inherit;
  margin-bottom: 1.4rem;
}

.emotion-9 {
  -webkit-flex: 1;
  -ms-flex: 1;
  flex: 1;
  display: -webkit-box;
  display: -ms-flexbox;
  display: box;
  overflow: hidden;
  max-height: 5.7rem;
  margin-bottom: 1.4rem;
  overflow: hidden;
  vertical-align: top;
  text-overflow: ellipsis;
  word-break: break-all;
  -webkit-box-orient: vertical;
  -webkit-line-clamp: 3;
}

.emotion-10 {
  color: #757575;
  font: normal 1.4rem/1.4 sans-serif;
  font-family: inherit;
}

.emotion-11 {
  color: #9E9E9E;
  font: normal 1.4rem/1.4 sans-serif;
  font-family: inherit;
}

<div>
  <div
    class="emotion-0"
  >
    <div
      class="emotion-1"
      data-testid="post-card"
    >
      <div
        class="emotion-2"
      >
        <a
          class="emotion-3 emotion-4"
          href="post"
        >
          <figure
            class="emotion-5"
          >
            <img
              alt=""
              class="emotion-6"
              src="test.jpg"
            />
          </figure>
          <div
            class="emotion-7"
          >
            <p
              class=" emotion-8"
            >
              post
            </p>
            <div
              class="emotion-9"
            >
              <span
                class=" emotion-10"
              >
                blahblahblahblahblah
              </span>
            </div>
            <div>
              <span
                class=" emotion-11"
              >
                2093-05-10
                 · ☕️ ️
                10
                 min read
              </span>
            </div>
          </div>
        </a>
      </div>
    </div>
  </div>
</div>
`;
