// Jest Snapshot v1, https://goo.gl/fbAQLP

exports[`<PostDetailPage /> should show correctly 1`] = `
.emotion-0 {
  margin: 4rem 0;
}

.emotion-1 {
  margin-bottom: 3.2rem;
}

.emotion-2 {
  color: #212121;
  font: bold 3.2rem/1 sans-serif;
  font-family: inherit;
  margin-bottom: 0.8rem;
}

.emotion-3 {
  color: #BDBDBD;
  font: normal 1.4rem/1.4 sans-serif;
  font-family: inherit;
}

.emotion-4 ul {
  list-style: disc;
}

.emotion-4 ol {
  list-style: decimal;
}

.emotion-4 p {
  font-size: 1.8rem;
  line-height: 1.76;
}

.emotion-4 blockquote {
  border-left: 0.25em solid #6bb0fa;
}

.emotion-6 {
  display: -webkit-box;
  display: -webkit-flex;
  display: -ms-flexbox;
  display: flex;
  -webkit-align-items: center;
  -webkit-box-align: center;
  -ms-flex-align: center;
  align-items: center;
  height: 6rem;
}

.emotion-7 {
  -webkit-text-decoration: none;
  text-decoration: none;
  color: inherit;
}

.emotion-9 {
  color: #BDBDBD;
  font: normal 1.4rem/1.4 sans-serif;
  font-family: inherit;
}

.emotion-9.prev_guide_text {
  margin-right: 1.2rem;
}

.emotion-9.next_guide_text {
  margin-left: 1.2rem;
}

.emotion-10 {
  color: #757575;
  font: normal 1.6rem/1 sans-serif;
  font-family: inherit;
}

.emotion-11 {
  -webkit-text-decoration: none;
  text-decoration: none;
  color: inherit;
  margin-left: auto;
}

<div>
  <div>
    <div>
      <div
        class="emotion-0"
      >
        <div>
          <div
            class="emotion-1"
          >
            <h1
              class="emotion-2"
            >
              xxxxx
            </h1>
            <span
              class=" emotion-3"
            >
              2093-05-10
            </span>
          </div>
          <div
            class="markdown-body emotion-4"
          >
            <p>
              blahblahblahblahblah
            </p>
          </div>
        </div>
      </div>
      <div
        class="emotion-5"
      >
        <div
          class="emotion-6"
        >
          <a
            class="emotion-7 emotion-8"
            data-testid="prev_link"
            href="/prev"
          >
            <span
              class="prev_guide_text emotion-9"
            >
              이전 글
            </span>
            <span
              class=" emotion-10"
            >
              prev
            </span>
          </a>
          <a
            class="emotion-11 emotion-8"
            data-testid="next_link"
            href="/next"
          >
            <span
              class=" emotion-10"
            >
              next
            </span>
            <span
              class="next_guide_text emotion-9"
            >
              다음 글
            </span>
          </a>
        </div>
      </div>
    </div>
  </div>
</div>
`;
