// Jest Snapshot v1, https://goo.gl/fbAQLP

exports[`<Header /> should render correctly 1`] = `
.emotion-0 {
  -webkit-align-items: center;
  -webkit-box-align: center;
  -ms-flex-align: center;
  align-items: center;
  display: -webkit-box;
  display: -webkit-flex;
  display: -ms-flexbox;
  display: flex;
  -webkit-box-pack: left;
  -ms-flex-pack: left;
  -webkit-justify-content: left;
  justify-content: left;
  height: 7.2rem;
}

.emotion-1 {
  margin: 0 auto;
  width: 110rem;
}

.emotion-3 {
  color: #757575;
  font: bold 3.2rem/1 sans-serif;
  font-family: inherit;
}

<div>
  <header
    class="emotion-0"
  >
    <div
      class="emotion-1"
    >
      <div
        class="emotion-2"
      >
        <h1
          class="emotion-3"
        >
          :D
        </h1>
      </div>
    </div>
  </header>
</div>
`;
