// Jest Snapshot v1, https://goo.gl/fbAQLP

exports[`<LayoutTemplate /> should show correctly 1`] = `
.emotion-0 {
  display: -webkit-box;
  display: -webkit-flex;
  display: -ms-flexbox;
  display: flex;
  -webkit-flex-direction: column;
  -ms-flex-direction: column;
  flex-direction: column;
  background: #F5F5F5;
  min-height: 100vh;
}

.emotion-1 {
  -webkit-align-items: center;
  -webkit-box-align: center;
  -ms-flex-align: center;
  align-items: center;
  display: -webkit-box;
  display: -webkit-flex;
  display: -ms-flexbox;
  display: flex;
  -webkit-box-pack: left;
  -ms-flex-pack: left;
  -webkit-justify-content: left;
  justify-content: left;
  height: 7.2rem;
}

.emotion-2 {
  margin: 0 auto;
  width: 110rem;
}

.emotion-4 {
  -webkit-text-decoration: none;
  text-decoration: none;
  color: inherit;
}

.emotion-6 {
  color: #757575;
  font: bold 3.2rem/1 sans-serif;
  font-family: inherit;
}

<div>
  <div
    class="emotion-0"
  >
    <header
      class="emotion-1"
    >
      <div
        class="emotion-2"
      >
        <div
          class="emotion-3"
        >
          <a
            class="emotion-4 emotion-5"
            href="/"
          >
            <h1
              class=" emotion-6"
            >
              :D
            </h1>
          </a>
        </div>
      </div>
    </header>
    <div
      class="emotion-2"
    />
  </div>
</div>
`;
