// Jest Snapshot v1, https://goo.gl/fbAQLP

exports[`<Logo /> should show correctly 1`] = `
.emotion-0 {
  -webkit-text-decoration: none;
  text-decoration: none;
  color: inherit;
}

.emotion-2 {
  color: #757575;
  font: bold 3.2rem/1 sans-serif;
  font-family: inherit;
}

<div>
  <a
    class="emotion-0 emotion-1"
    href="/"
  >
    <h1
      class=" emotion-2"
    >
      :D
    </h1>
  </a>
</div>
`;
